[2026-05-24_23:48:49] Queen waking...
WARNING: 9 dirty files
fatal: Unable to create '/Users/playra/BrowserOS-full/.git/index.lock': File exists.

Another git process seems to be running in this repository, e.g.
an editor opened by 'git commit'. Please make sure all processes
are terminated then try again. If it still fails, a git process
may have crashed in this repository earlier:
remove the file manually to continue.
[2026-05-24_23:50:46] Queen sleep. Health=ok Dirty=9
[2026-05-24_23:58:59] Queen waking...
[2026-05-24_23:58:59] Queen sleep. Health=ok Build=OK Dirty=11 Agents=1 Skills=4
[2026-05-25_00:03:39] Queen waking...
[2026-05-25_00:03:40] Queen sleep. Health=ok Build=OK Dirty=4 Agents=1 Skills=4
[2026-05-25_00:05:48] Queen waking...
[2026-05-25_00:05:49] Queen sleep. Health=ok Build=OK Dirty=6 Agents=1 Skills=4
[2026-05-25_00:07:21] Queen cron starting Python brain...
[2026-05-25_00:07:21] ==== QUEEN AWAKES ====
[2026-05-25_00:07:21] PERCEIVE: reading environment...
[2026-05-25_00:07:21] THINK: analyzing...
[2026-05-25_00:07:21] ACT: 2 actions
[2026-05-25_00:07:21]   - 11 dirty
[2026-05-25_00:07:21]   - Alive marker
[2026-05-25_00:07:21] REFLECT: saving...
[2026-05-25_00:07:21] Done

[2026-05-25_00:07:22] Queen cron done.
[1779642834] Queen waking...
  Health=ok Build=OK
[1779642834] Queen sleep
