[1779642676] 👑 Queen Zig awakes
  Health=ok Build=OK Dirty=14 Agents=1 Skills=4
  Actions: commit
  ⚡ Committing 14 files...
fatal: Unable to create '/Users/playra/BrowserOS-full/.git/index.lock': File exists.

Another git process seems to be running in this repository, e.g.
an editor opened by 'git commit'. Please make sure all processes
are terminated then try again. If it still fails, a git process
may have crashed in this repository earlier:
remove the file manually to continue.
    Commit failed (lock?)
[1779642676] 👑 Queen Zig sleeps

[1779642718] 👑 Queen Zig awakes
  Waiting for git diff (2 procs)...
[1779642719] 👑 Queen Zig awakes
  Waiting for git diff (2 procs)...
  Waiting for git diff (2 procs)...
  Waiting for git diff (2 procs)...
  Waiting for git diff (2 procs)...
  Waiting for git diff (2 procs)...
  Waiting for git diff (2 procs)...
  Waiting for git diff (2 procs)...
  Waiting for git diff (2 procs)...
  Waiting for git diff (2 procs)...
  Waiting for git diff (2 procs)...
  Waiting for git diff (2 procs)...
  Waiting for git diff (2 procs)...
  Waiting for git diff (2 procs)...
  Waiting for git diff (2 procs)...
  Waiting for git diff (2 procs)...
  Waiting for git diff (2 procs)...
  Waiting for git diff (2 procs)...
  Waiting for git diff (2 procs)...
  Health=ok Build=OK Dirty=15 Agents=1 Skills=4
  Actions: commit
  ⚡ Committing...
  Waiting for git diff (2 procs)...
fatal: Unable to create '/Users/playra/BrowserOS-full/.git/index.lock': File exists.

Another git process seems to be running in this repository, e.g.
an editor opened by 'git commit'. Please make sure all processes
are terminated then try again. If it still fails, a git process
may have crashed in this repository earlier:
remove the file manually to continue.
    Commit blocked
[1779642718] 👑 Queen Zig sleeps

  Health=ok Build=OK Dirty=15 Agents=1 Skills=4
  Actions: commit
  ⚡ Committing...
fatal: Unable to create '/Users/playra/BrowserOS-full/.git/index.lock': File exists.

Another git process seems to be running in this repository, e.g.
an editor opened by 'git commit'. Please make sure all processes
are terminated then try again. If it still fails, a git process
may have crashed in this repository earlier:
remove the file manually to continue.
    Commit blocked
[1779642719] 👑 Queen Zig sleeps

[1779642738] 👑 Queen Zig awakes
  Waiting for git diff (1 procs)...
  Waiting for git diff (1 procs)...
  Waiting for git diff (1 procs)...
  Waiting for git diff (5 procs)...
  Waiting for git diff (2 procs)...
  Waiting for git diff (2 procs)...
  Waiting for git diff (2 procs)...
  Waiting for git diff (2 procs)...
  Waiting for git diff (2 procs)...
  Waiting for git diff (2 procs)...
  Health=ok Build=OK Dirty=15 Agents=1 Skills=4
  Actions: commit
  ⚡ Committing...
fatal: Unable to create '/Users/playra/BrowserOS-full/.git/index.lock': File exists.

Another git process seems to be running in this repository, e.g.
an editor opened by 'git commit'. Please make sure all processes
are terminated then try again. If it still fails, a git process
may have crashed in this repository earlier:
remove the file manually to continue.
    Commit blocked
[1779642738] 👑 Queen Zig sleeps

[1779643632] 👑 Queen Zig awakes
  Waiting for git diff (2 procs)...
  Waiting for git diff (1 procs)...
  Waiting for git diff (4 procs)...
  Waiting for git diff (2 procs)...
  Waiting for git diff (2 procs)...
  Waiting for git diff (2 procs)...
  Waiting for git diff (2 procs)...
  Waiting for git diff (2 procs)...
  Waiting for git diff (2 procs)...
  Waiting for git diff (2 procs)...
  Health=ok Build=OK Dirty=5 Agents=1 Skills=4
  Actions: commit
  ⚡ Committing...
env: node: No such file or directory
    Commit blocked
[1779643632] 👑 Queen Zig sleeps

